INFO:root:TEST CASE 1 - ADD
INFO:root:PASS
INFO:root:TEST CASE 2 - SUBTRACT
INFO:root:PASS
INFO:root:TEST CASE 3 - MULTIPLY
INFO:root:PASS
INFO:root:TEST CASE 4 - DIVIDE
INFO:root:PASS
INFO:root:TEST CASE 5 - POWER
ERROR:root:FAIL
INFO:root:TEST CASE 6 - SQUARE ROOT
INFO:root:PASS
INFO:root:TEST CASE 7 - AVERAGE
INFO:root:PASS
INFO:root:TEST CASE 8 - MAXIMUM
ERROR:root:FAIL
